[    0.000000] Linux version 4.15.0-163-generic (buildd@lcy01-amd64-021) (gcc version 7.5.0 (Ubuntu 7.5.0-3ubuntu1~18.04)) #171-Ubuntu SMP Fri Nov 5 11:55:11 UTC 2021 (Ubuntu 4.15.0-163.171-generic 4.15.18)
[    0.000000] Command line: BOOT_IMAGE=/boot/vmlinuz-4.15.0-163-generic root=LABEL=cloudimg-rootfs ro console=tty1 console=ttyS0
[    0.000000] KERNEL supported cpus:
[    0.000000]   Intel GenuineIntel
[    0.000000]   AMD AuthenticAMD
[    0.000000]   Centaur CentaurHauls
[    0.000000] x86/fpu: Supporting XSAVE feature 0x001: 'x87 floating point registers'
[    0.000000] x86/fpu: Supporting XSAVE feature 0x002: 'SSE registers'
[    0.000000] x86/fpu: Supporting XSAVE feature 0x004: 'AVX registers'
[    0.000000] x86/fpu: xstate_offset[2]:  576, xstate_sizes[2]:  256
[    0.000000] x86/fpu: Enabled xstate features 0x7, context size is 832 bytes, using 'standard' format.
[    0.000000] e820: BIOS-provided physical RAM map:
[    0.000000] BIOS-e820: [mem 0x0000000000000000-0x000000000009fbff] usable
[    0.000000] BIOS-e820: [mem 0x000000000009fc00-0x000000000009ffff] reserved
[    0.000000] BIOS-e820: [mem 0x00000000000f0000-0x00000000000fffff] reserved
[    0.000000] BIOS-e820: [mem 0x0000000000100000-0x000000003ffeffff] usable
[    0.000000] BIOS-e820: [mem 0x000000003fff0000-0x000000003fffffff] ACPI data
[    0.000000] BIOS-e820: [mem 0x00000000fec00000-0x00000000fec00fff] reserved
[    0.000000] BIOS-e820: [mem 0x00000000fee00000-0x00000000fee00fff] reserved
[    0.000000] BIOS-e820: [mem 0x00000000fffc0000-0x00000000ffffffff] reserved
[    0.000000] NX (Execute Disable) protection: active
[    0.000000] SMBIOS 2.5 present.
[    0.000000] DMI: innotek GmbH VirtualBox/VirtualBox, BIOS VirtualBox 12/01/2006
[    0.000000] Hypervisor detected: KVM
[    0.000000] e820: last_pfn = 0x3fff0 max_arch_pfn = 0x400000000
[    0.000000] MTRR: Disabled
[    0.000000] x86/PAT: MTRRs disabled, skipping PAT initialization too.
[    0.000000] CPU MTRRs all blank - virtualized system.
[    0.000000] x86/PAT: Configuration [0-7]: WB  WT  UC- UC  WB  WT  UC- UC  
[    0.000000] found SMP MP-table at [mem 0x0009fff0-0x0009ffff]
[    0.000000] Scanning 1 areas for low memory corruption
[    0.000000] RAMDISK: [mem 0x359cd000-0x36cddfff]
[    0.000000] ACPI: Early table checksum verification disabled
[    0.000000] ACPI: RSDP 0x00000000000E0000 000024 (v02 VBOX  )
[    0.000000] ACPI: XSDT 0x000000003FFF0030 00003C (v01 VBOX   VBOXXSDT 00000001 ASL  00000061)
[    0.000000] ACPI: FACP 0x000000003FFF00F0 0000F4 (v04 VBOX   VBOXFACP 00000001 ASL  00000061)
[    0.000000] ACPI: DSDT 0x000000003FFF0470 002325 (v02 VBOX   VBOXBIOS 00000002 INTL 20190509)
[    0.000000] ACPI: FACS 0x000000003FFF0200 000040
[    0.000000] ACPI: FACS 0x000000003FFF0200 000040
[    0.000000] ACPI: APIC 0x000000003FFF0240 00005C (v02 VBOX   VBOXAPIC 00000001 ASL  00000061)
[    0.000000] ACPI: SSDT 0x000000003FFF02A0 0001CC (v01 VBOX   VBOXCPUT 00000002 INTL 20190509)
[    0.000000] ACPI: Reserving FACP table memory at [mem 0x3fff00f0-0x3fff01e3]
[    0.000000] ACPI: Reserving DSDT table memory at [mem 0x3fff0470-0x3fff2794]
[    0.000000] ACPI: Reserving FACS table memory at [mem 0x3fff0200-0x3fff023f]
[    0.000000] ACPI: Reserving FACS table memory at [mem 0x3fff0200-0x3fff023f]
[    0.000000] ACPI: Reserving APIC table memory at [mem 0x3fff0240-0x3fff029b]
[    0.000000] ACPI: Reserving SSDT table memory at [mem 0x3fff02a0-0x3fff046b]
[    0.000000] No NUMA configuration found
[    0.000000] Faking a node at [mem 0x0000000000000000-0x000000003ffeffff]
[    0.000000] NODE_DATA(0) allocated [mem 0x3ffc5000-0x3ffeffff]
[    0.000000] kvm-clock: cpu 0, msr 0:3ff44001, primary cpu clock
[    0.000000] kvm-clock: Using msrs 4b564d01 and 4b564d00
[    0.000000] kvm-clock: using sched offset of 11305733909 cycles
[    0.000000] clocksource: kvm-clock: mask: 0xffffffffffffffff max_cycles: 0x1cd42e4dffb, max_idle_ns: 881590591483 ns
[    0.000000] Zone ranges:
[    0.000000]   DMA      [mem 0x0000000000001000-0x0000000000ffffff]
[    0.000000]   DMA32    [mem 0x0000000001000000-0x000000003ffeffff]
[    0.000000]   Normal   empty
[    0.000000]   Device   empty
[    0.000000] Movable zone start for each node
[    0.000000] Early memory node ranges
[    0.000000]   node   0: [mem 0x0000000000001000-0x000000000009efff]
[    0.000000]   node   0: [mem 0x0000000000100000-0x000000003ffeffff]
[    0.000000] Reserved but unavailable: 104 pages
[    0.000000] Initmem setup node 0 [mem 0x0000000000001000-0x000000003ffeffff]
[    0.000000] ACPI: PM-Timer IO Port: 0x4008
[    0.000000] IOAPIC[0]: apic_id 2, version 32, address 0xfec00000, GSI 0-23
[    0.000000] ACPI: INT_SRC_OVR (bus 0 bus_irq 0 global_irq 2 dfl dfl)
[    0.000000] ACPI: INT_SRC_OVR (bus 0 bus_irq 9 global_irq 9 low level)
[    0.000000] Using ACPI (MADT) for SMP configuration information
[    0.000000] smpboot: Allowing 2 CPUs, 0 hotplug CPUs
[    0.000000] PM: Registered nosave memory: [mem 0x00000000-0x00000fff]
[    0.000000] PM: Registered nosave memory: [mem 0x0009f000-0x0009ffff]
[    0.000000] PM: Registered nosave memory: [mem 0x000a0000-0x000effff]
[    0.000000] PM: Registered nosave memory: [mem 0x000f0000-0x000fffff]
[    0.000000] e820: [mem 0x40000000-0xfebfffff] available for PCI devices
[    0.000000] Booting paravirtualized kernel on KVM
[    0.000000] clocksource: refined-jiffies: mask: 0xffffffff max_cycles: 0xffffffff, max_idle_ns: 7645519600211568 ns
[    0.000000] random: get_random_bytes called from start_kernel+0x99/0x500 with crng_init=0
[    0.000000] setup_percpu: NR_CPUS:8192 nr_cpumask_bits:2 nr_cpu_ids:2 nr_node_ids:1
[    0.000000] percpu: Embedded 45 pages/cpu s147456 r8192 d28672 u1048576
[    0.000000] PV qspinlock hash table entries: 256 (order: 0, 4096 bytes)
[    0.000000] Built 1 zonelists, mobility grouping on.  Total pages: 257913
[    0.000000] Policy zone: DMA32
[    0.000000] Kernel command line: BOOT_IMAGE=/boot/vmlinuz-4.15.0-163-generic root=LABEL=cloudimg-rootfs ro console=tty1 console=ttyS0
[    0.000000] Memory: 982712K/1048120K available (12300K kernel code, 2483K rwdata, 4320K rodata, 2448K init, 2724K bss, 65408K reserved, 0K cma-reserved)
[    0.000000] SLUB: HWalign=64, Order=0-3, MinObjects=0, CPUs=2, Nodes=1
[    0.000000] Kernel/User page tables isolation: enabled
[    0.000000] ftrace: allocating 39476 entries in 155 pages
[    0.004000] Hierarchical RCU implementation.
[    0.004000] 	RCU restricting CPUs from NR_CPUS=8192 to nr_cpu_ids=2.
[    0.004000] 	Tasks RCU enabled.
[    0.004000] RCU: Adjusting geometry for rcu_fanout_leaf=16, nr_cpu_ids=2
[    0.004000] NR_IRQS: 524544, nr_irqs: 440, preallocated irqs: 16
[    0.004000] Console: colour VGA+ 80x25
[    0.004000] console [tty1] enabled
[    0.004000] console [ttyS0] enabled
[    0.004000] ACPI: Core revision 20170831
[    0.004000] ACPI: 2 ACPI AML tables successfully acquired and loaded
[    0.004000] APIC: Switch to symmetric I/O mode setup
[    0.008000] x2apic enabled
[    0.008050] Switched APIC routing to physical x2apic.
[    0.016000] ..TIMER: vector=0x30 apic1=0 pin1=2 apic2=-1 pin2=-1
[    0.016005] tsc: Detected 3292.376 MHz processor
[    0.020011] Calibrating delay loop (skipped) preset value.. 6584.75 BogoMIPS (lpj=13169504)
[    0.024016] pid_max: default: 32768 minimum: 301
[    0.028037] Security Framework initialized
[    0.032007] Yama: becoming mindful.
[    0.036033] AppArmor: AppArmor initialized
[    0.040155] Dentry cache hash table entries: 131072 (order: 8, 1048576 bytes)
[    0.044077] Inode-cache hash table entries: 65536 (order: 7, 524288 bytes)
[    0.048024] Mount-cache hash table entries: 2048 (order: 2, 16384 bytes)
[    0.052014] Mountpoint-cache hash table entries: 2048 (order: 2, 16384 bytes)
[    0.058372] Last level iTLB entries: 4KB 0, 2MB 0, 4MB 0
[    0.060005] Last level dTLB entries: 4KB 0, 2MB 0, 4MB 0, 1GB 0
[    0.064043] Spectre V1 : Mitigation: usercopy/swapgs barriers and __user pointer sanitization
[    0.068007] Spectre V2 : Mitigation: Full generic retpoline
[    0.072004] Spectre V2 : Spectre v2 / SpectreRSB mitigation: Filling RSB on context switch
[    0.076006] Speculative Store Bypass: Vulnerable
[    0.080084] SRBDS: Unknown: Dependent on hypervisor status
[    0.084004] MDS: Vulnerable: Clear CPU buffers attempted, no microcode
[    0.088148] Freeing SMP alternatives memory: 36K
[    0.204003] APIC calibration not consistent with PM-Timer: 102ms instead of 100ms
[    0.208000] APIC delta adjusted to PM-Timer: 6237946 (6371069)
[    0.209819] smpboot: CPU0: Intel Core Processor (Haswell, no TSX, IBRS) (family: 0x6, model: 0x3c, stepping: 0x1)
[    0.212079] Performance Events: unsupported p6 CPU model 60 no PMU driver, software events only.
[    0.216161] Hierarchical SRCU implementation.
[    0.220565] NMI watchdog: Perf event create on CPU 0 failed with -2
[    0.224006] NMI watchdog: Perf NMI watchdog permanently disabled
[    0.228072] smp: Bringing up secondary CPUs ...
[    0.232107] x86: Booting SMP configuration:
[    0.236006] .... node  #0, CPUs:      #1
[    0.004000] kvm-clock: cpu 1, msr 0:3ff44041, secondary cpu clock
[    0.322986] smp: Brought up 1 node, 2 CPUs
[    0.324008] smpboot: Max logical packages: 1
[    0.328007] smpboot: Total of 2 processors activated (13169.50 BogoMIPS)
[    0.336063] devtmpfs: initialized
[    0.340050] x86/mm: Memory block size: 128MB
[    0.344132] evm: security.selinux
[    0.348003] evm: security.SMACK64
[    0.352004] evm: security.SMACK64EXEC
[    0.356003] evm: security.SMACK64TRANSMUTE
[    0.360004] evm: security.SMACK64MMAP
[    0.364004] evm: security.apparmor
[    0.368004] evm: security.ima
[    0.372003] evm: security.capability
[    0.376255] clocksource: jiffies: mask: 0xffffffff max_cycles: 0xffffffff, max_idle_ns: 7645041785100000 ns
[    0.380019] futex hash table entries: 512 (order: 3, 32768 bytes)
[    0.384060] pinctrl core: initialized pinctrl subsystem
[    0.393628] RTC time: 23:05:06, date: 01/05/22
[    0.396844] NET: Registered protocol family 16
[    0.400087] audit: initializing netlink subsys (disabled)
[    0.404152] audit: type=2000 audit(1641423916.652:1): state=initialized audit_enabled=0 res=1
[    0.432012] cpuidle: using governor ladder
[    0.436013] cpuidle: using governor menu
[    0.440057] ACPI: bus type PCI registered
[    0.444005] acpiphp: ACPI Hot Plug PCI Controller Driver version: 0.5
[    0.452282] PCI: Using configuration type 1 for base access
[    0.456972] HugeTLB registered 2.00 MiB page size, pre-allocated 0 pages
[    0.464214] ACPI: Added _OSI(Module Device)
[    0.468054] ACPI: Added _OSI(Processor Device)
[    0.476010] ACPI: Added _OSI(3.0 _SCP Extensions)
[    0.480005] ACPI: Added _OSI(Processor Aggregator Device)
[    0.484070] ACPI: Added _OSI(Linux-Dell-Video)
[    0.488008] ACPI: Added _OSI(Linux-Lenovo-NV-HDMI-Audio)
[    0.492008] ACPI: Added _OSI(Linux-HPI-Hybrid-Graphics)
[    0.499989] ACPI: Executed 1 blocks of module-level executable AML code
[    0.509382] ACPI: Interpreter enabled
[    0.512020] ACPI: (supports S0 S5)
[    0.516004] ACPI: Using IOAPIC for interrupt routing
[    0.524213] PCI: Using host bridge windows from ACPI; if necessary, use "pci=nocrs" and report a bug
[    0.529537] ACPI: Enabled 2 GPEs in block 00 to 07
[    0.566066] ACPI: PCI Root Bridge [PCI0] (domain 0000 [bus 00-ff])
[    0.568015] acpi PNP0A03:00: _OSC: OS supports [ASPM ClockPM Segments MSI]
[    0.573436] acpi PNP0A03:00: _OSC: not requesting OS control; OS requires [ExtendedConfig ASPM ClockPM MSI]
[    0.576023] acpi PNP0A03:00: fail to add MMCONFIG information, can't access extended PCI configuration space under this bridge.
[    0.586576] PCI host bridge to bus 0000:00
[    0.588008] pci_bus 0000:00: root bus resource [io  0x0000-0x0cf7 window]
[    0.592008] pci_bus 0000:00: root bus resource [io  0x0d00-0xffff window]
[    0.596009] pci_bus 0000:00: root bus resource [mem 0x000a0000-0x000bffff window]
[    0.600009] pci_bus 0000:00: root bus resource [mem 0x40000000-0xfdffffff window]
[    0.604009] pci_bus 0000:00: root bus resource [bus 00-ff]
[    0.650104] pci 0000:00:01.1: legacy IDE quirk: reg 0x10: [io  0x01f0-0x01f7]
[    0.652007] pci 0000:00:01.1: legacy IDE quirk: reg 0x14: [io  0x03f6]
[    0.656007] pci 0000:00:01.1: legacy IDE quirk: reg 0x18: [io  0x0170-0x0177]
[    0.660007] pci 0000:00:01.1: legacy IDE quirk: reg 0x1c: [io  0x0376]
[    0.951252] pci 0000:00:07.0: quirk: [io  0x4000-0x403f] claimed by PIIX4 ACPI
[    0.988006] pci 0000:00:07.0: quirk: [io  0x4100-0x410f] claimed by PIIX4 SMB
[    1.176000] ACPI: PCI Interrupt Link [LNKA] (IRQs 5 9 10 *11)
[    1.196669] ACPI: PCI Interrupt Link [LNKB] (IRQs 5 9 *10 11)
[    1.216879] ACPI: PCI Interrupt Link [LNKC] (IRQs 5 *9 10 11)
[    1.240706] ACPI: PCI Interrupt Link [LNKD] (IRQs 5 9 10 *11)
[    1.268000] SCSI subsystem initialized
[    1.289207] pci 0000:00:02.0: vgaarb: setting as boot VGA device
[    1.292000] pci 0000:00:02.0: vgaarb: VGA device added: decodes=io+mem,owns=io+mem,locks=none
[    1.332010] pci 0000:00:02.0: vgaarb: bridge control possible
[    1.356005] vgaarb: loaded
[    1.368433] ACPI: bus type USB registered
[    1.384325] usbcore: registered new interface driver usbfs
[    1.404036] usbcore: registered new interface driver hub
[    1.420025] usbcore: registered new device driver usb
[    1.444183] EDAC MC: Ver: 3.0.0
[    1.464225] PCI: Using ACPI for IRQ routing
[    1.483169] NetLabel: Initializing
[    1.496005] NetLabel:  domain hash size = 128
[    1.516004] NetLabel:  protocols = UNLABELED CIPSOv4 CALIPSO
[    1.532050] NetLabel:  unlabeled traffic allowed by default
[    1.556916] clocksource: Switched to clocksource kvm-clock
[    1.597144] VFS: Disk quotas dquot_6.6.0
[    1.623622] VFS: Dquot-cache hash table entries: 512 (order 0, 4096 bytes)
[    1.654729] AppArmor: AppArmor Filesystem Enabled
[    1.681403] pnp: PnP ACPI init
[    1.708532] pnp: PnP ACPI: found 3 devices
[    1.733341] clocksource: acpi_pm: mask: 0xffffff max_cycles: 0xffffff, max_idle_ns: 2085701024 ns
[    1.761638] NET: Registered protocol family 2
[    1.777198] IP idents hash table entries: 16384 (order: 5, 131072 bytes)
[    1.801204] TCP established hash table entries: 8192 (order: 4, 65536 bytes)
[    1.824734] TCP bind hash table entries: 8192 (order: 5, 131072 bytes)
[    1.845937] TCP: Hash tables configured (established 8192 bind 8192)
[    1.866906] UDP hash table entries: 512 (order: 2, 16384 bytes)
[    1.886919] UDP-Lite hash table entries: 512 (order: 2, 16384 bytes)
[    1.907299] NET: Registered protocol family 1
[    1.922385] pci 0000:00:00.0: Limiting direct PCI/PCI transfers
[    1.942395] pci 0000:00:01.0: Activating ISA DMA hang workarounds
[    1.963360] pci 0000:00:02.0: Video device with shadowed ROM at [mem 0x000c0000-0x000dffff]
[    1.991301] Unpacking initramfs...
[    2.304796] Freeing initrd memory: 19524K
[    2.329949] clocksource: tsc: mask: 0xffffffffffffffff max_cycles: 0x2f752a1872e, max_idle_ns: 440795303697 ns
[    2.361585] platform rtc_cmos: registered platform RTC device (no PNP device found)
[    2.387684] Scanning for low memory corruption every 60 seconds
[    2.409508] Initialise system trusted keyrings
[    2.426114] Key type blacklist registered
[    2.442035] workingset: timestamp_bits=36 max_order=18 bucket_order=0
[    2.465144] zbud: loaded
[    2.477901] squashfs: version 4.0 (2009/01/31) Phillip Lougher
[    2.499895] fuse init (API version 7.26)
[    2.530000] Key type asymmetric registered
[    2.545210] Asymmetric key parser 'x509' registered
[    2.564357] Block layer SCSI generic (bsg) driver version 0.4 loaded (major 246)
[    2.591475] io scheduler noop registered
[    2.606183] io scheduler deadline registered
[    2.622819] io scheduler cfq registered (default)
[    2.642042] ACPI: AC Adapter [AC] (on-line)
[    2.657643] input: Power Button as /devices/LNXSYSTM:00/LNXPWRBN:00/input/input0
[    2.683447] ACPI: Power Button [PWRF]
[    2.697623] input: Sleep Button as /devices/LNXSYSTM:00/LNXSLPBN:00/input/input1
[    2.724032] ACPI: Sleep Button [SLPF]
[    2.742354] Serial: 8250/16550 driver, 32 ports, IRQ sharing enabled
[    2.850357] 00:02: ttyS0 at I/O 0x3f8 (irq = 4, base_baud = 115200) is a 16550A
[    2.876594] Linux agpgart interface v0.103
[    2.893666] loop: module loaded
[    2.910498] scsi host0: ata_piix
[    2.924311] scsi host1: ata_piix
[    2.936721] ata1: PATA max UDMA/33 cmd 0x1f0 ctl 0x3f6 bmdma 0xd000 irq 14
[    2.958843] ata2: PATA max UDMA/33 cmd 0x170 ctl 0x376 bmdma 0xd008 irq 15
[    2.981388] libphy: Fixed MDIO Bus: probed
[    2.999669] tun: Universal TUN/TAP device driver, 1.6
[    3.020671] PPP generic driver version 2.4.2
[    3.035689] ehci_hcd: USB 2.0 'Enhanced' Host Controller (EHCI) Driver
[    3.058712] ehci-pci: EHCI PCI platform driver
[    3.075631] ehci-platform: EHCI generic platform driver
[    3.094684] ohci_hcd: USB 1.1 'Open' Host Controller (OHCI) Driver
[    3.115783] ohci-pci: OHCI PCI platform driver
[    3.132609] ohci-platform: OHCI generic platform driver
[    3.161653] uhci_hcd: USB Universal Host Controller Interface driver
[    3.192681] i8042: PNP: PS/2 Controller [PNP0303:PS2K,PNP0f03:PS2M] at 0x60,0x64 irq 1,12
[    3.256476] serio: i8042 KBD port at 0x60,0x64 irq 1
[    3.282757] serio: i8042 AUX port at 0x60,0x64 irq 12
[    3.309093] mousedev: PS/2 mouse device common for all mice
[    3.339877] input: AT Translated Set 2 keyboard as /devices/platform/i8042/serio0/input/input2
[    3.386782] rtc_cmos rtc_cmos: rtc core: registered rtc_cmos as rtc0
[    3.416052] rtc_cmos rtc_cmos: alarms up to one day, 114 bytes nvram
[    3.440487] i2c /dev entries driver
[    3.456932] device-mapper: uevent: version 1.0.3
[    3.478422] device-mapper: ioctl: 4.37.0-ioctl (2017-09-20) initialised: dm-devel@redhat.com
[    3.514316] ledtrig-cpu: registered to indicate activity on CPUs
[    3.542616] NET: Registered protocol family 10
[    3.571165] Segment Routing with IPv6
[    3.588776] NET: Registered protocol family 17
[    3.609205] Key type dns_resolver registered
[    3.630123] mce: Using 0 MCE banks
[    3.644372] RAS: Correctable Errors collector initialized.
[    3.665047] sched_clock: Marking stable (3664719129, 0)->(7291271952, -3626552823)
[    3.695586] registered taskstats version 1
[    3.712327] Loading compiled-in X.509 certificates
[    3.737359] Loaded X.509 cert 'Build time autogenerated kernel key: f60a4c8d126e94dbf36c5faa43fb49029eeea9a9'
[    3.773847] Loaded X.509 cert 'Canonical Ltd. Live Patch Signing: 14df34d1a87cf37625abec039ef2bf521249b969'
[    3.808899] Loaded X.509 cert 'Canonical Ltd. Kernel Module Signing: 88f752e560a1e0737e31163a466ad7b70a850c19'
[    3.847920] zswap: loaded using pool lzo/zbud
[    3.908047] Key type big_key registered
[    3.927727] Key type trusted registered
[    3.957470] Key type encrypted registered
[    3.976708] AppArmor: AppArmor sha1 policy hashing enabled
[    3.997424] ima: No TPM chip found, activating TPM-bypass! (rc=-19)
[    4.020868] ima: Allocated hash algorithm: sha1
[    4.039414] evm: HMAC attrs: 0x1
[    4.059029]   Magic number: 6:298:99
[    4.073726] rtc_cmos rtc_cmos: setting system clock to 2022-01-05 23:05:11 UTC (1641423911)
[    4.103706] BIOS EDD facility v0.16 2004-Jun-25, 0 devices found
[    4.126534] EDD information not available.
[    4.152627] Freeing unused kernel image memory: 2448K
[    4.188275] Write protecting the kernel read-only data: 20480k
[    4.217773] Freeing unused kernel image memory: 2008K
[    4.241896] Freeing unused kernel image memory: 1824K
[    4.264741] x86/mm: Checked W+X mappings: passed, no W+X pages found.
[    4.286571] x86/mm: Checking user space page tables
[    4.308525] x86/mm: Checked W+X mappings: passed, no W+X pages found.
Loading, please wait...
starting version 237
[    4.437745] Fusion MPT base driver 3.04.20
[    4.456301] e1000: Intel(R) PRO/1000 Network Driver - version 7.3.21-k8-NAPI
[    4.458153] Copyright (c) 1999-2008 LSI Corporation
[    4.486269] e1000: Copyright (c) 1999-2006 Intel Corporation.
[    4.556399] AVX2 version of gcm_enc/dec engaged.
[    4.579798] AES CTR mode by8 optimization enabled
[    4.621666] Fusion MPT SPI Host driver 3.04.20
[    4.883864] input: ImExPS/2 Generic Explorer Mouse as /devices/platform/i8042/serio1/input/input4
[    6.467364] e1000 0000:00:03.0 eth0: (PCI:33MHz:32-bit) 02:7d:29:b7:e5:bc
[    6.504748] e1000 0000:00:03.0 eth0: Intel(R) PRO/1000 Network Connection
[    8.395431] e1000 0000:00:08.0 eth1: (PCI:33MHz:32-bit) 08:00:27:4d:44:ef
[    8.417489] e1000 0000:00:08.0 eth1: Intel(R) PRO/1000 Network Connection
[    8.445879] mptbase: ioc0: Initiating bringup
[    8.446728] e1000 0000:00:08.0 enp0s8: renamed from eth1
[    8.517283] e1000 0000:00:03.0 enp0s3: renamed from eth0
[    8.615287] ioc0: LSI53C1030 A0: Capabilities={Initiator}
[   11.282909] scsi host2: ioc0: LSI53C1030 A0, FwRev=00000000h, Ports=1, MaxQ=256, IRQ=20
[   12.388015] scsi 2:0:0:0: Direct-Access     VBOX     HARDDISK         1.0  PQ: 0 ANSI: 5
[   12.484602] scsi target2:0:0: Beginning Domain Validation
[   12.519174] scsi target2:0:0: Domain Validation skipping write tests
[   12.541670] scsi target2:0:0: Ending Domain Validation
[   12.563654] scsi target2:0:0: asynchronous
[   12.583896] random: fast init done
[   12.601477] scsi 2:0:1:0: Direct-Access     VBOX     HARDDISK         1.0  PQ: 0 ANSI: 5
[   13.407801] scsi target2:0:1: Beginning Domain Validation
[   13.443277] scsi target2:0:1: Domain Validation skipping write tests
[   13.464619] scsi target2:0:1: Ending Domain Validation
[   13.486252] scsi target2:0:1: asynchronous
[   13.521653] random: systemd-udevd: uninitialized urandom read (16 bytes read)
[   13.521847] sd 2:0:0:0: Attached scsi generic sg0 type 0
[   13.566286] random: systemd-udevd: uninitialized urandom read (16 bytes read)
[   13.566290] random: systemd-udevd: uninitialized urandom read (16 bytes read)
[   13.637688] sd 2:0:0:0: [sda] 83886080 512-byte logical blocks: (42.9 GB/40.0 GiB)
[   13.637818] sd 2:0:1:0: Attached scsi generic sg1 type 0
[   13.675826] sd 2:0:0:0: [sda] Write Protect is off
[   13.749094] sd 2:0:1:0: [sdb] 20480 512-byte logical blocks: (10.5 MB/10.0 MiB)
[   13.794390] sd 2:0:1:0: [sdb] Write Protect is off
[   13.821988] sd 2:0:1:0: [sdb] Incomplete mode parameter data
[   13.824606] sd 2:0:0:0: [sda] Incomplete mode parameter data
[   13.854962] sd 2:0:1:0: [sdb] Assuming drive cache: write through
[   13.883373] sd 2:0:0:0: [sda] Assuming drive cache: write through
[   13.946566]  sda: sda1
[   13.958671] sd 2:0:1:0: [sdb] Attached SCSI disk
[   13.992329] sd 2:0:0:0: [sda] Attached SCSI disk
Begin: Loading essential drivers ... [   19.664214] raid6: sse2x1   gen() 11893 MB/s
[   19.728191] raid6: sse2x1   xor()  8311 MB/s
[   19.792192] raid6: sse2x2   gen() 14194 MB/s
[   19.856199] raid6: sse2x2   xor()  8972 MB/s
[   19.920163] raid6: sse2x4   gen() 16492 MB/s
[   19.984194] raid6: sse2x4   xor() 10321 MB/s
[   20.048175] raid6: avx2x1   gen() 22916 MB/s
[   20.112201] raid6: avx2x1   xor() 15553 MB/s
[   20.176191] raid6: avx2x2   gen() 26952 MB/s
[   20.240445] raid6: avx2x2   xor() 16070 MB/s
[   20.304193] raid6: avx2x4   gen() 30365 MB/s
[   20.368201] raid6: avx2x4   xor() 19253 MB/s
[   20.409205] raid6: using algorithm avx2x4 gen() 30365 MB/s
[   20.498969] raid6: .... xor() 19253 MB/s, rmw enabled
[   20.519717] raid6: using avx2x2 recovery algorithm
[   20.542054] xor: automatically using best checksumming function   avx       
[   20.576241] async_tx: api initialized (async)
done.
Begin: Running /scripts/init-premount ... done.
Begin: Mounting root file system ... Begin: Running /scripts/local-top ... done.
Begin: Running /scripts/local-premount ... [   20.691735] Btrfs loaded, crc32c=crc32c-intel
Scanning for Btrfs filesystems
done.
Warning: fsck not present, so skipping root file system
[   20.781458] EXT4-fs (sda1): mounted filesystem with ordered data mode. Opts: (null)
done.
Begin: Running /scripts/local-bottom ... done.
Begin: Running /scripts/init-bottom ... done.
[   21.108929] ip_tables: (C) 2000-2006 Netfilter Core Team
[   21.152922] systemd[1]: systemd 237 running in system mode. (+PAM +AUDIT +SELINUX +IMA +APPARMOR +SMACK +SYSVINIT +UTMP +LIBCRYPTSETUP +GCRYPT +GNUTLS +ACL +XZ +LZ4 +SECCOMP +BLKID +ELFUTILS +KMOD -IDN2 +IDN -PCRE2 default-hierarchy=hybrid)
[   21.220453] systemd[1]: Detected virtualization oracle.
[   21.238273] systemd[1]: Detected architecture x86-64.

Welcome to [1mUbuntu 18.04.6 LTS[0m!

[   21.317636] systemd[1]: Set hostname to <ubuntu>.
[   21.346952] systemd[1]: Initializing machine ID from random generator.
[   21.369078] systemd[1]: Installed transient /etc/machine-id file.
[   21.919525] systemd[1]: Reached target System Time Synchronized.
[[0;32m  OK  [0m] Reached target System Time Synchronized.
[   22.058742] systemd[1]: Started Forward Password Requests to Wall Directory Watch.
[[0;32m  OK  [0m] Started Forward Password Requests to Wall Directory Watch.
[   22.368694] systemd[1]: Set up automount Arbitrary Executable File Formats File System Automount Point.
[[0;32m  OK  [0m] Set up automount Arbitrary Executabâ€¦rmats File System Automount Point.
[   22.427926] systemd[1]: Reached target User and Group Name Lookups.
[[0;32m  OK  [0m] Reached target User and Group Name Lookups.
[[0;32m  OK  [0m] Reached target Swap.
[[0;32m  OK  [0m] Created slice User and Session Slice.
[[0;32m  OK  [0m] Created slice System Slice.
[[0;32m  OK  [0m] Listening on LVM2 metadata daemon socket.
[[0;32m  OK  [0m] Listening on udev Kernel Socket.
[[0;32m  OK  [0m] Listening on Syslog Socket.
[[0;32m  OK  [0m] Listening on Journal Socket (/dev/log).
[[0;32m  OK  [0m] Reached target Slices.
[[0;32m  OK  [0m] Listening on LVM2 poll daemon socket.
[[0;32m  OK  [0m] Created slice system-serial\x2dgetty.slice.
[[0;32m  OK  [0m] Listening on fsck to fsckd communication Socket.
[[0;32m  OK  [0m] Listening on Journal Audit Socket.
[[0;32m  OK  [0m] Listening on udev Control Socket.
[[0;32m  OK  [0m] Listening on Journal Socket.
         Mounting POSIX Message Queue File System...
         Starting Load Kernel Modules...
         Mounting Kernel Debug File System...
[   25.447917] Loading iSCSI transport class v2.0-870.
         Starting Journal Service...
         Mounting Huge Pages File System...
[   25.507168] iscsi: registered transport (tcp)
         Starting Uncomplicated firewall...
         Starting udev Coldplug all Devices...
         Starting File System Check on Root Device...
         Starting Set the console keyboard layout...
[[0;32m  OK  [0m] Listening on Network Service Netlink Socket.
[[0;32m  OK  [0m] Listening on /dev/initctl Compatibility Named Pipe.
         Starting Create list of required stâ€¦ce nodes for the current kernel...
[[0;32m  OK  [0m] Listening on Device-mapper event daemon FIFOs.
         Starting Monitoring of LVM2 mirrorsâ€¦ng dmeventd or progress polling...
[[0;32m  OK  [0m] Started Journal Service.
[[0;32m  OK  [0m] Mounted POSIX Message Queue File System.
[   25.658322] iscsi: registered transport (iser)
[[0;32m  OK  [0m] Mounted Kernel Debug File System.
[[0;32m  OK  [0m] Mounted Huge Pages File System.
[[0;32m  OK  [0m] Started Load Kernel Modules.
[[0;32m  OK  [0m] Started Uncomplicated firewall.
[[0;32m  OK  [0m] Started Create list of required staâ€¦vice nodes for the current kernel.
[[0;32m  OK  [0m] Started File System Check Daemon to report status.
         Starting Create Static Device Nodes in /dev...
         Mounting Kernel Configuration File System...
         Starting Apply Kernel Variables...
         Mounting FUSE Control File System...
[[0;32m  OK  [0m] Started File System Check on Root Device.
[[0;32m  OK  [0m] Started udev Coldplug all Devices.
[[0;32m  OK  [0m] Started Create Static Device Nodes in /dev.
[[0;32m  OK  [0m] Mounted Kernel Configuration File System.
[[0;32m  OK  [0m] Mounted FUSE Control File System.
[[0;32m  OK  [0m] Started LVM2 metadata daemon.
         Starting Remount Root and Kernel File Systems...
[[0;32m  OK  [0m] Started Apply Kernel Variables.
[[0;32m  OK  [0m] Started Remount Root and Kernel File Systems.
[[0;32m  OK  [0m] Started Set the console keyboard layout.
[[0;32m  OK  [0m] Started Monitoring of LVM2 mirrors,â€¦sing dmeventd or progress polling.
[[0;32m  OK  [0m] Reached target Local File Systems (Pre).
[[0;32m  OK  [0m] Reached target Local File Systems.
         Starting ebtables ruleset management...
         Starting Commit a transient machine-id on disk...
         Starting AppArmor initialization...
         Starting Tell Plymouth To Write Out Runtime Data...
         Starting Set console font and keymap...
         Starting Flush Journal to Persistent Storage...
         Starting udev Kernel Device Manager...
         Starting Load/Save Random Seed...
[[0;32m  OK  [0m] Started Tell Plymouth To Write Out Runtime Data.
[[0;32m  OK  [0m] Started Commit a transient machine-id on disk.
[[0;32m  OK  [0m] Started Set console font and keymap.
[[0;32m  OK  [0m] Started Load/Save Random Seed.
[[0;32m  OK  [0m] Started Flush Journal to Persistent Storage.
         Starting Create Volatile Files and Directories...
[[0;32m  OK  [0m] Started ebtables ruleset management.
[[0;32m  OK  [0m] Started udev Kernel Device Manager.
[[0;32m  OK  [0m] Started Dispatch Password Requests to Console Directory Watch.
[[0;32m  OK  [0m] Reached target Local Encrypted Volumes.
[[0;32m  OK  [0m] Started Create Volatile Files and Directories.
         Starting Update UTMP about System Boot/Shutdown...
[[0;32m  OK  [0m] Started Update UTMP about System Boot/Shutdown.
[[0;32m  OK  [0m] Found device /dev/ttyS0.
[[0;32m  OK  [0m] Listening on Load/Save RF Kill Switch Status /dev/rfkill Watch.
[[0;32m  OK  [0m] Started AppArmor initialization.
         Starting Load AppArmor profiles managed internally by snapd...
         Starting Initial cloud-init job (pre-networking)...
[[0;32m  OK  [0m] Started Load AppArmor profiles managed internally by snapd.
[   29.690963] cloud-init[569]: Cloud-init v. 21.4-0ubuntu1~18.04.1 running 'init-local' at Wed, 05 Jan 2022 23:05:36 +0000. Up 29.30 seconds.
[[0;32m  OK  [0m] Started Initial cloud-init job (pre-networking).
[[0;32m  OK  [0m] Reached target Network (Pre).
         Starting Network Service...
[[0;32m  OK  [0m] Started Network Service.
         Starting Wait for Network to be Configured...
         Starting Network Name Resolution...
[[0;32m  OK  [0m] Started Network Name Resolution.
[[0;32m  OK  [0m] Reached target Host and Network Name Lookups.
[[0;32m  OK  [0m] Reached target Network.
[[0;32m  OK  [0m] Started Wait for Network to be Configured.
         Starting Initial cloud-init job (metadata service crawler)...
[   32.485113] cloud-init[687]: Cloud-init v. 21.4-0ubuntu1~18.04.1 running 'init' at Wed, 05 Jan 2022 23:05:39 +0000. Up 32.24 seconds.
[   32.517845] cloud-init[687]: ci-info: ++++++++++++++++++++++++++++++++++++++Net device info+++++++++++++++++++++++++++++++++++++++
[   32.588018] cloud-init[687]: ci-info: +--------+-------+----------------------------+---------------+--------+-------------------+
[   32.616409] cloud-init[687]: ci-info: | Device |   Up  |          Address           |      Mask     | Scope  |     Hw-Address    |
[   32.649218] cloud-init[687]: ci-info: +--------+-------+----------------------------+---------------+--------+-------------------+
[   32.680026] cloud-init[687]: ci-info: | enp0s3 |  True |         10.0.2.15          | 255.255.255.0 | global | 02:7d:29:b7:e5:bc |
[   32.728888] cloud-init[687]: ci-info: | enp0s3 |  True | fe80::7d:29ff:feb7:e5bc/64 |       .       |  link  | 02:7d:29:b7:e5:bc |
[   32.764562] cloud-init[687]: ci-info: | enp0s8 | False |             .              |       .       |   .    | 08:00:27:4d:44:ef |
[   32.784634] cloud-init[687]: ci-info: |   lo   |  True |         127.0.0.1          |   255.0.0.0   |  host  |         .         |
[   32.809498] cloud-init[687]: ci-info: |   lo   |  True |          ::1/128           |       .       |  host  |         .         |
[   32.846774] cloud-init[687]: ci-info: +--------+-------+----------------------------+---------------+--------+-------------------+
[   32.886720] cloud-init[687]: ci-info: ++++++++++++++++++++++++++++Route IPv4 info+++++++++++++++++++++++++++++
[   32.928872] cloud-init[687]: ci-info: +-------+-------------+----------+-----------------+-----------+-------+
[   32.972756] cloud-init[687]: ci-info: | Route | Destination | Gateway  |     Genmask     | Interface | Flags |
[   33.029071] cloud-init[687]: ci-info: +-------+-------------+----------+-----------------+-----------+-------+
[   33.056412] cloud-init[687]: ci-info: |   0   |   0.0.0.0   | 10.0.2.2 |     0.0.0.0     |   enp0s3  |   UG  |
[   33.101381] cloud-init[687]: ci-info: |   1   |   10.0.2.0  | 0.0.0.0  |  255.255.255.0  |   enp0s3  |   U   |
[   33.128393] cloud-init[687]: ci-info: |   2   |   10.0.2.2  | 0.0.0.0  | 255.255.255.255 |   enp0s3  |   UH  |
[   33.170647] cloud-init[687]: ci-info: +-------+-------------+----------+-----------------+-----------+-------+
[   33.218818] cloud-init[687]: ci-info: +++++++++++++++++++Route IPv6 info+++++++++++++++++++
[   33.254685] cloud-init[687]: ci-info: +-------+-------------+---------+-----------+-------+
[   33.336691] cloud-init[687]: ci-info: | Route | Destination | Gateway | Interface | Flags |
[   33.367136] cloud-init[687]: ci-info: +-------+-------------+---------+-----------+-------+
[   33.425387] cloud-init[687]: ci-info: |   1   |  fe80::/64  |    ::   |   enp0s3  |   U   |
[   33.470421] cloud-init[687]: ci-info: |   3   |    local    |    ::   |   enp0s3  |   U   |
[   33.499094] cloud-init[687]: ci-info: |   4   |   ff00::/8  |    ::   |   enp0s3  |   U   |
[   33.517755] cloud-init[687]: ci-info: +-------+-------------+---------+-----------+-------+
[   35.541746] cloud-init[687]: Generating public/private rsa key pair.
[   35.576442] cloud-init[687]: Your identification has been saved in /etc/ssh/ssh_host_rsa_key.
[   35.649847] cloud-init[687]: Your public key has been saved in /etc/ssh/ssh_host_rsa_key.pub.
[   35.669081] cloud-init[687]: The key fingerprint is:
[   35.678184] cloud-init[687]: SHA256:VzMS1RbNBar635tzjnXP3Go3daVaCbjQyJWv7frg25Q root@ubuntu-bionic
[   35.702266] cloud-init[687]: The key's randomart image is:
[   35.712379] cloud-init[687]: +---[RSA 2048]----+
[   35.753444] cloud-init[687]: |          .o..o=o|
[   35.780677] cloud-init[687]: |          o. .o o|
[   35.789741] cloud-init[687]: |       . +.o=.   |
[   35.820463] cloud-init[687]: |        + o+oo  .|
[   35.844947] cloud-init[687]: |        S.o+ . o.|
[   35.874180] cloud-init[687]: |         oo ..+ o|
[   35.901785] cloud-init[687]: |        . ..Eo  =|
[[0;32m  OK  [0m] Started Initial cloud-init job (metadata service crawler).
[[0;32m  OK  [0m] Reached target System Initialization.
[[0;32m  OK  [0m] Started Daily apt download activities.
[   35.934423] cloud-init[687]: |         o +o.oB*|
[   36.046636] cloud-init[687]: |          ==+.*BB|
[   36.046680] cloud-init[687]: +----[SHA256]-----+
[   36.046712] cloud-init[687]: Generating public/private dsa key pair.
[   36.046748] cloud-init[687]: Your identification has been saved in /etc/ssh/ssh_host_dsa_key.
[   36.046784] cloud-init[687]: Your public key has been saved in /etc/ssh/ssh_host_dsa_key.pub.
[   36.046815] cloud-init[687]: The key fingerprint is:
[   36.046846] cloud-init[687]: SHA256:qhlZOlC3H2DxcvffmxZmQYJ1bQOHa018BBP+K0vDhC4 root@ubuntu-bionic
[   36.046885] cloud-init[687]: The key's randomart image is:
[   36.046918] cloud-init[687]: +---[DSA 1024]----+
[   36.046951] cloud-init[687]: |      .     ooB*o|
[   36.046985] cloud-init[687]: |       o   . +o*+|
[   36.047019] cloud-init[687]: |    . = o .   B.o|
[   36.047060] cloud-init[687]: |   . o = . ..o + |
[   36.047097] cloud-init[687]: |  .   o S  .o.  o|
[   36.047132] cloud-init[687]: |   . + o .. o. =.|
[   36.047170] cloud-init[687]: |    = . .E . =+.o|
[   36.047204] cloud-init[687]: |     =    . . +.o|
[   36.047238] cloud-init[687]: |    o        ..o |
[   36.047272] cloud-init[687]: +----[SHA256]-----+
[   36.047304] cloud-init[687]: Generating public/private ecdsa key pair.
[   36.047338] cloud-init[687]: Your identification has been saved in /etc/ssh/ssh_host_ecdsa_key.
[   36.047372] cloud-init[687]: Your public key has been saved in /etc/ssh/ssh_host_ecdsa_key.pub.
[   36.047406] cloud-init[687]: The key fingerprint is:
[   36.047437] cloud-init[687]: SHA256:1TkNZLUGljqxqfBneyHwTHrOq45j64uYq2cqVUFyYpE root@ubuntu-bionic
[   36.047473] cloud-init[687]: The key's randomart image is:
[   36.047504] cloud-init[687]: +---[ECDSA 256]---+
[   36.047534] cloud-init[687]: |  =+o      .*o.  |
[   36.047564] cloud-init[687]: | .E+.     .+.= . |
[   36.047599] cloud-init[687]: |     .    .=+ +  |
[   36.047633] cloud-init[687]: |    . . ..*  o   |
[   36.047664] cloud-init[687]: |   .   oSB .     |
[[0;32m  OK  [0m] Listening on ACPID Listen Socket.
[   36.052054] cloud-init[[0;32m  OK  [0m] Listening on UUID daemon activation socket.
[[0;32m  OK  [0m] Listening on Open-iSCSI iscsid Socket.
[[0;32m  OK  [0m] Started Daily apt upgrade and clean activities.
[[0;32m  OK  [0m] Started Ubuntu Advantage Timer for running repeated jobs.
[687]: |  .     + B .    |
[   36.600309] cloud-init[687]: | .       * o .   |
[   36.805575] cloud-init[687]: |. oo .o.  + .    |
[   36.812809] cloud-init[687]: |+=+..o==o..o     |
[[0;32m  OK  [0m] Started Trigger to poll for Ubuntu â€¦(Only enabled on GCP LTS non-pro).
[   36.828539] cloud-init[687]: +----[SHA256]-----+
[   36.896531] cloud-init[687]: Generating public/private ed25519 key pair.
[   36.917330] [[0;32m  OK  [0m] Started Daily Cleanup of Temporary Directories.
[[0;32m  OK  [0m] Listening on D-Bus System Message Bus Socket.
cloud-init[687]: Your identification has been saved in /etc/ssh/ssh_host_ed25519_key.
         Starting Socket activation for snappy daemon.
[   36.982677] cloud-init[687]: Your public key has been saved in /etc/ssh/ssh_host_ed25519_key.pub.
[[0;32m  OK  [0m] Listening on cloud-init hotplug hook socket.
         Starting LXD - unix socket.
[[0;32m  OK  [0m] Started Message of the Day.
[[0;32m  OK  [0m] [   37.058419] cloud-init[687]: The key fingerprint is:
[   37.129504] cloud-init[687]: SHA256:PuToEKxGOy+DEnoSRLI/lyNMOMCI2guYZ4+9psKGkuY root@ubuntu-bionic
[   37.129569] cloud-init[687]: The key's randomart image is:
[   37.129606] cloud-init[687]: +--[ED25519 256]--+
[   37.129643] cloud-init[687]: |+                |
[   37.129675] cloud-init[687]: |=o               |
[   37.129709] cloud-init[687]: |*=               |
[   37.129744] cloud-init[687]: |O.=.             |
[   37.129779] cloud-init[687]: |.O.=o.  S        |
[   37.129814] cloud-init[687]: |o.Bo*. =         |
[   37.129851] cloud-init[687]: |+==+.o. +        |
[   37.129885] cloud-init[687]: |X=+ooo   .       |
[   37.130473] cloud-init[687]: |*E.=. .          |
[   37.140594] cloud-init[687]: +----[SHA256]-----+
Started Discard unused blocks once a week.
[[0;32m  OK  [0m] Reached target Timers.
[[0;32m  OK  [0m] Started ACPI Events Check.
[[0;32m  OK  [0m] Reached target Paths.
[[0;32m  OK  [0m] Reached target Cloud-config availability.
[[0;32m  OK  [0m] Reached target Network is Online.
[[0;32m  OK  [0m] Reached target Remote File Systems (Pre).
[[0;32m  OK  [0m] Reached target Remote File Systems.
         Starting Availability of block devices...
[[0;32m  OK  [0m] Listening on Socket activation for snappy daemon.
[[0;32m  OK  [0m] Listening on LXD - unix socket.
[[0;32m  OK  [0m] Started Availability of block devices.
[[0;32m  OK  [0m] Reached target Sockets.
[[0;32m  OK  [0m] Reached target Basic System.
[[0;32m  OK  [0m] Started Regular background program processing daemon.
         Starting Dispatcher daemon for systemd-networkd...
[[0;32m  OK  [0m] Started D-Bus System Message Bus.
         Starting System Logging Service...
[[0;32m  OK  [0m] Started FUSE filesystem for LXC.
         Starting Pollinate to seed the pseudo random number generator...
[[0;32m  OK  [0m] Started irqbalance daemon.
         Starting Accounts Service...
         Starting LSB: Record successful boot for GRUB...
         Starting LXD - container startup/shutdown...
         Starting Permit User Sessions...
         Starting LSB: automatic crash report generation...
         Starting Login Service...
[[0;32m  OK  [0m] Started Deferred execution scheduler.
         Starting Virtualbox guest utils...
         Starting Snap Daemon...
[[0;32m  OK  [0m] Started System Logging Service.
[[0;32m  OK  [0m] Started Permit User Sessions.
[[0;32m  OK  [0m] Started Dispatcher daemon for systemd-networkd.
[[0;32m  OK  [0m] Started Login Service.
[[0;32m  OK  [0m] Started Unattended Upgrades Shutdown.
         Starting Authorization Manager...
         Starting Terminate Plymouth Boot Screen...
         Starting Hold until boot process finishes up...
[[0;32m  OK  [0m] Started Terminate Plymouth Boot Screen.
[[0;32m  OK  [0m] Started Hold until boot process finishes up.
[[0;32m  OK  [0m] Started Serial Getty on ttyS0.
         Starting Set console scheme...
[[0;32m  OK  [0m] Started LSB: automatic crash report generation.
[[0;32m  OK  [0m] Started LSB: Record successful boot for GRUB.
[[0;32m  OK  [0m] Started Set console scheme.
[[0;32m  OK  [0m] Created slice system-getty.slice.
[[0;32m  OK  [0m] Started Getty on tty1.
[[0;32m  OK  [0m] Reached target Login Prompts.
[[0;32m  OK  [0m] Started Authorization Manager.
[[0;32m  OK  [0m] Started Accounts Service.
[[0;32m  OK  [0m] Started Virtualbox guest utils.
[[0;32m  OK  [0m] Started LXD - container startup/shutdown.
[[0;32m  OK  [0m] Started Snap Daemon.
         Starting Wait until snapd is fully seeded...
[[0;32m  OK  [0m] Started Pollinate to seed the pseudo random number generator.
         Starting OpenBSD Secure Shell server...
[[0;32m  OK  [0m] Started OpenBSD Secure Shell server.
[[0;32m  OK  [0m] Created slice User Slice of vagrant.
         Starting User Manager for UID 1000...
[[0;32m  OK  [0m] Started Session 1 of user vagrant.
[[0;32m  OK  [0m] Started User Manager for UID 1000.
[[0;32m  OK  [0m] Started Wait until snapd is fully seeded.
         Starting Apply the settings specified in cloud-config...
[[0;32m  OK  [0m] Reached target Multi-User System.
[[0;32m  OK  [0m] Reached target Graphical Interface.
         Starting Update UTMP about System Runlevel Changes...
[[0;32m  OK  [0m] Started Update UTMP about System Runlevel Changes.

Ubuntu 18.04.6 LTS ubuntu-bionic ttyS0

ubuntu-bionic login: [   44.801931] cloud-init[1334]: Cloud-init v. 21.4-0ubuntu1~18.04.1 running 'modules:config' at Wed, 05 Jan 2022 23:05:51 +0000. Up 44.29 seconds.
ci-info: no authorized SSH keys fingerprints found for user ubuntu.
<14>Jan  5 23:05:52 cloud-init: #############################################################
<14>Jan  5 23:05:52 cloud-init: -----BEGIN SSH HOST KEY FINGERPRINTS-----
<14>Jan  5 23:05:52 cloud-init: 1024 SHA256:qhlZOlC3H2DxcvffmxZmQYJ1bQOHa018BBP+K0vDhC4 root@ubuntu-bionic (DSA)
<14>Jan  5 23:05:52 cloud-init: 256 SHA256:1TkNZLUGljqxqfBneyHwTHrOq45j64uYq2cqVUFyYpE root@ubuntu-bionic (ECDSA)
<14>Jan  5 23:05:52 cloud-init: 256 SHA256:PuToEKxGOy+DEnoSRLI/lyNMOMCI2guYZ4+9psKGkuY root@ubuntu-bionic (ED25519)
<14>Jan  5 23:05:52 cloud-init: 2048 SHA256:VzMS1RbNBar635tzjnXP3Go3daVaCbjQyJWv7frg25Q root@ubuntu-bionic (RSA)
<14>Jan  5 23:05:52 cloud-init: -----END SSH HOST KEY FINGERPRINTS-----
<14>Jan  5 23:05:52 cloud-init: #############################################################
-----BEGIN SSH HOST KEY KEYS-----
ecdsa-sha2-nistp256 AAAAE2VjZHNhLXNoYTItbmlzdHAyNTYAAAAIbmlzdHAyNTYAAABBBEnUxOX2sByienfbvGsEeXk/MNGPr7JSihQnfN+U0fhhHP/O6ClER04p+UtAPxlvUaaS0+p8nsiiWGQzliN0wCE= root@ubuntu-bionic
ssh-ed25519 AAAAC3NzaC1lZDI1NTE5AAAAIMnXDlEgMuUB7w74HXN62saIAfO7I002h9CijxOQwSWh root@ubuntu-bionic
ssh-rsa AAAAB3NzaC1yc2EAAAADAQABAAABAQC9t9Pr25/LXPrm6h8m8b2S/UmgG0hfL8SbZ51NbPTB4u1vPEXlEszOjSe0L5Po6USlLFJi1o0GAUZ9dsNqGNQ+zActB+p4KpI/xOTceLZTrYJ/zpRTZQ/kbbea2AsfgFGxvRYSB8U5fYaRoOUJC59OS7v3vXZhV2WS6bx4CesK4k9EhG8bH5Mb9EMA8R2nNLq/4l/4dL6L7OgnrxLtVoH7t3ALM8TJi/Vmox7Y5UVBqFiNcS4QDzkKwl1+fhKa5K/d9UsUhb/dCD/KjZQJySQV0hHnfGqrCVosSWZkGOasS6PA9OPUISCaXbOBYErW0Vor3eL04nQ+zfk+e1Xk1Ql5 root@ubuntu-bionic
-----END SSH HOST KEY KEYS-----
[   45.644335] cloud-init[1549]: Cloud-init v. 21.4-0ubuntu1~18.04.1 running 'modules:final' at Wed, 05 Jan 2022 23:05:52 +0000. Up 45.36 seconds.
[   45.644426] cloud-init[1549]: ci-info: no authorized SSH keys fingerprints found for user ubuntu.
[   45.644463] cloud-init[1549]: Cloud-init v. 21.4-0ubuntu1~18.04.1 finished at Wed, 05 Jan 2022 23:05:53 +0000. Datasource DataSourceNoCloud [seed=/dev/sdb][dsmode=net].  Up 45.59 seconds
